
Memory Configuration

Name             Origin             Length             Attributes
FLASH            0x0000000008000000 0x0000000000080000 xr
SRAM             0x0000000020000000 0x0000000000020000 xrw
*default*        0x0000000000000000 0xffffffffffffffff

Linker script and memory map

LOAD Debug/Core/Src/main.o
LOAD Debug/Core/Src/other.o
LOAD Debug/Core/Startup/stm32_startup.o

.text           0x0000000008000000      0x234
 *(.isr_vector)
 .isr_vector    0x0000000008000000      0x188 Debug/Core/Startup/stm32_startup.o
                0x0000000008000000                isr_vectors
 *(.text)
 .text          0x0000000008000188       0x1e Debug/Core/Src/main.o
                0x0000000008000188                main
 .text          0x00000000080001a6        0x0 Debug/Core/Src/other.o
 *fill*         0x00000000080001a6        0x2 
 .text          0x00000000080001a8       0x8c Debug/Core/Startup/stm32_startup.o
                0x00000000080001a8                RTC_Alarm_IRQHandler
                0x00000000080001a8                HASH_RNG_IRQHandler
                0x00000000080001a8                EXTI2_IRQHandler
                0x00000000080001a8                TIM8_CC_IRQHandler
                0x00000000080001a8                DebugMon_Handler
                0x00000000080001a8                TIM1_CC_IRQHandler
                0x00000000080001a8                DMA2_Stream5_IRQHandler
                0x00000000080001a8                HardFault_Handler
                0x00000000080001a8                DMA1_Stream5_IRQHandler
                0x00000000080001a8                SysTick_Handler
                0x00000000080001a8                PVD_IRQHandler
                0x00000000080001a8                SDIO_IRQHandler
                0x00000000080001a8                TAMP_STAMP_IRQHandler
                0x00000000080001a8                PendSV_Handler
                0x00000000080001a8                NMI_Handler
                0x00000000080001a8                CAN2_RX1_IRQHandler
                0x00000000080001a8                EXTI3_IRQHandler
                0x00000000080001a8                TIM8_TRG_COM_TIM14_IRQHandler
                0x00000000080001a8                TIM1_UP_TIM10_IRQHandler
                0x00000000080001a8                TIM8_UP_TIM13_IRQHandler
                0x00000000080001a8                I2C3_ER_IRQHandler
                0x00000000080001a8                EXTI0_IRQHandler
                0x00000000080001a8                I2C2_EV_IRQHandler
                0x00000000080001a8                DMA1_Stream2_IRQHandler
                0x00000000080001a8                CAN1_RX0_IRQHandler
                0x00000000080001a8                FPU_IRQHandler
                0x00000000080001a8                OTG_HS_WKUP_IRQHandler
                0x00000000080001a8                UsageFault_Handler
                0x00000000080001a8                CAN2_SCE_IRQHandler
                0x00000000080001a8                DMA2_Stream2_IRQHandler
                0x00000000080001a8                SPI1_IRQHandler
                0x00000000080001a8                TIM6_DAC_IRQHandler
                0x00000000080001a8                TIM1_BRK_TIM9_IRQHandler
                0x00000000080001a8                DCMI_IRQHandler
                0x00000000080001a8                CAN2_RX0_IRQHandler
                0x00000000080001a8                DMA2_Stream3_IRQHandler
                0x00000000080001a8                USART6_IRQHandler
                0x00000000080001a8                USART3_IRQHandler
                0x00000000080001a8                CRYP_IRQHandler
                0x00000000080001a8                CAN1_RX1_IRQHandler
                0x00000000080001a8                UART5_IRQHandler
                0x00000000080001a8                DMA2_Stream0_IRQHandler
                0x00000000080001a8                TIM4_IRQHandler
                0x00000000080001a8                I2C1_EV_IRQHandler
                0x00000000080001a8                DMA1_Stream6_IRQHandler
                0x00000000080001a8                DMA1_Stream1_IRQHandler
                0x00000000080001a8                UART4_IRQHandler
                0x00000000080001a8                TIM3_IRQHandler
                0x00000000080001a8                RCC_IRQHandler
                0x00000000080001a8                TIM8_BRK_TIM12_IRQHandler
                0x00000000080001a8                Default_Handler
                0x00000000080001a8                EXTI15_10_IRQHandler
                0x00000000080001a8                ADC_IRQHandler
                0x00000000080001a8                DMA1_Stream7_IRQHandler
                0x00000000080001a8                TIM7_IRQHandler
                0x00000000080001a8                CAN2_TX_IRQHandler
                0x00000000080001a8                TIM5_IRQHandler
                0x00000000080001a8                DMA2_Stream7_IRQHandler
                0x00000000080001a8                I2C3_EV_IRQHandler
                0x00000000080001a8                EXTI9_5_IRQHandler
                0x00000000080001a8                RTC_WKUP_IRQHandler
                0x00000000080001a8                ETH_WKUP_IRQHandler
                0x00000000080001a8                SPI2_IRQHandler
                0x00000000080001a8                OTG_HS_EP1_IN_IRQHandler
                0x00000000080001a8                MemManage_Handler
                0x00000000080001a8                DMA1_Stream0_IRQHandler
                0x00000000080001a8                CAN1_TX_IRQHandler
                0x00000000080001a8                SVC_Handler
                0x00000000080001a8                EXTI4_IRQHandler
                0x00000000080001a8                FSMC_IRQHandler
                0x00000000080001a8                ETH_IRQHandler
                0x00000000080001a8                OTG_HS_EP1_OUT_IRQHandler
                0x00000000080001a8                WWDG_IRQHandler
                0x00000000080001a8                TIM2_IRQHandler
                0x00000000080001a8                OTG_FS_WKUP_IRQHandler
                0x00000000080001a8                TIM1_TRG_COM_TIM11_IRQHandler
                0x00000000080001a8                OTG_HS_IRQHandler
                0x00000000080001a8                EXTI1_IRQHandler
                0x00000000080001a8                USART2_IRQHandler
                0x00000000080001a8                I2C2_ER_IRQHandler
                0x00000000080001a8                DMA2_Stream1_IRQHandler
                0x00000000080001a8                CAN1_SCE_IRQHandler
                0x00000000080001a8                FLASH_IRQHandler
                0x00000000080001a8                DMA2_Stream4_IRQHandler
                0x00000000080001a8                BusFault_Handler
                0x00000000080001a8                USART1_IRQHandler
                0x00000000080001a8                OTG_FS_IRQHandler
                0x00000000080001a8                SPI3_IRQHandler
                0x00000000080001a8                DMA1_Stream4_IRQHandler
                0x00000000080001a8                I2C1_ER_IRQHandler
                0x00000000080001a8                DMA2_Stream6_IRQHandler
                0x00000000080001a8                DMA1_Stream3_IRQHandler
                0x00000000080001ae                Reset_Handler
 *(.rodata)
                0x0000000008000234                . = ALIGN (0x4)
                0x0000000008000234                _etext = .

.glue_7         0x0000000008000234        0x0
 .glue_7        0x0000000008000234        0x0 linker stubs

.glue_7t        0x0000000008000234        0x0
 .glue_7t       0x0000000008000234        0x0 linker stubs

.vfp11_veneer   0x0000000008000234        0x0
 .vfp11_veneer  0x0000000008000234        0x0 linker stubs

.v4_bx          0x0000000008000234        0x0
 .v4_bx         0x0000000008000234        0x0 linker stubs

.iplt           0x0000000008000234        0x0
 .iplt          0x0000000008000234        0x0 Debug/Core/Startup/stm32_startup.o

.rel.dyn        0x0000000008000234        0x0
 .rel.iplt      0x0000000008000234        0x0 Debug/Core/Startup/stm32_startup.o

.data           0x0000000020000000        0x4 load address 0x0000000008000234
                0x0000000020000000                _sdata = .
 *(.data)
 .data          0x0000000020000000        0x1 Debug/Core/Src/main.o
                0x0000000020000000                data_var
 .data          0x0000000020000001        0x0 Debug/Core/Src/other.o
 .data          0x0000000020000001        0x0 Debug/Core/Startup/stm32_startup.o
                0x0000000020000004                . = ALIGN (0x4)
 *fill*         0x0000000020000001        0x3 
                0x0000000020000004                _edata = .

.igot.plt       0x0000000020000004        0x0 load address 0x0000000008000238
 .igot.plt      0x0000000020000004        0x0 Debug/Core/Startup/stm32_startup.o

.bss            0x0000000020000004      0x644 load address 0x0000000008000238
                0x0000000020000004                _sbss = .
 *(.bss)
 .bss           0x0000000020000004      0x644 Debug/Core/Src/main.o
                0x0000000020000004                data_var_bss
                0x0000000020000008                list
 .bss           0x0000000020000648        0x0 Debug/Core/Src/other.o
 .bss           0x0000000020000648        0x0 Debug/Core/Startup/stm32_startup.o
 *(COMMON)
                0x0000000020000648                . = ALIGN (0x4)
                0x0000000020000648                _ebss = .
OUTPUT(Debug/run.elf elf32-littlearm)
LOAD linker stubs

.comment        0x0000000000000000       0x49
 .comment       0x0000000000000000       0x49 Debug/Core/Src/main.o
                                         0x4a (size before relaxing)
 .comment       0x0000000000000049       0x4a Debug/Core/Src/other.o
 .comment       0x0000000000000049       0x4a Debug/Core/Startup/stm32_startup.o

.ARM.attributes
                0x0000000000000000       0x2e
 .ARM.attributes
                0x0000000000000000       0x2e Debug/Core/Src/main.o
 .ARM.attributes
                0x000000000000002e       0x2e Debug/Core/Src/other.o
 .ARM.attributes
                0x000000000000005c       0x2e Debug/Core/Startup/stm32_startup.o
